```
Test 
```

[parsed]
{
  "type": "doc",
  "content": [
    {
      "type": "paragraph",
      "content": [
        {
          "type": "text",
          "marks": [],
          "text": "Test"
        }
      ]
    }
  ]
}

[printed]
~~~~~~~~~
Test
~~~~~~~~~

