```
1. one
2. two
3. three
```

[parsed]
{
  "type": "doc",
  "content": [
    {
      "type": "ordered_list",
      "attrs": {
        "order": 1,
        "tight": false
      },
      "content": [
        {
          "type": "list_item",
          "content": [
            {
              "type": "text",
              "marks": [],
              "text": "one"
            }
          ]
        },
        {
          "type": "list_item",
          "content": [
            {
              "type": "text",
              "marks": [],
              "text": "two"
            }
          ]
        },
        {
          "type": "list_item",
          "content": [
            {
              "type": "text",
              "marks": [],
              "text": "three"
            }
          ]
        }
      ]
    }
  ]
}

