```
Let this is _emphasis text_ this is not
```

[parsed]
{
  "type": "doc",
  "content": [
    {
      "type": "paragraph",
      "content": [
        {
          "type": "text",
          "marks": [],
          "text": "Let this is "
        },
        {
          "type": "text",
          "marks": [
            {
              "type": "italic"
            }
          ],
          "text": "emphasis text"
        },
        {
          "type": "text",
          "marks": [],
          "text": " this is not"
        }
      ]
    }
  ]
}

[printed]
~~~~~~~~~
Let this is _emphasis text_ this is not
~~~~~~~~~

