```
This is <foo>html code</foo> this is not

This is <foo x="2">html code with attrs</foo> this is not
```

[parsed]
{
  "type": "doc",
  "content": [
    {
      "type": "paragraph",
      "content": [
        {
          "type": "text",
          "marks": [],
          "text": "This is "
        },
        {
          "type": "text",
          "marks": [
            {
              "type": "htmlTag"
            }
          ],
          "text": "<foo>"
        },
        {
          "type": "text",
          "marks": [],
          "text": "html code"
        },
        {
          "type": "text",
          "marks": [
            {
              "type": "htmlTag"
            }
          ],
          "text": "</foo>"
        },
        {
          "type": "text",
          "marks": [],
          "text": " this is not"
        }
      ]
    },
    {
      "type": "paragraph",
      "content": [
        {
          "type": "text",
          "marks": [],
          "text": "This is "
        },
        {
          "type": "text",
          "marks": [
            {
              "type": "htmlTag"
            }
          ],
          "text": "<foo x=\"2\">"
        },
        {
          "type": "text",
          "marks": [],
          "text": "html code with attrs"
        },
        {
          "type": "text",
          "marks": [
            {
              "type": "htmlTag"
            }
          ],
          "text": "</foo>"
        },
        {
          "type": "text",
          "marks": [],
          "text": " this is not"
        }
      ]
    }
  ]
}

