```
Test "foo" bar

```

[parsed]
{
  "type": "doc",
  "content": [
    {
      "type": "paragraph",
      "content": [
        {
          "type": "text",
          "marks": [],
          "text": "Test “foo” bar"
        }
      ]
    }
  ]
}

